::1 - - [07/Nov/2021:16:47:09 +0000] "GET /pools/11 HTTP/1.1" 200 679 "-" "Mozilla/5.0 (Windows NT 10.0; Win64; x64) AppleWebKit/537.36 (KHTML, like Gecko) Chrome/95.0.4638.69 Safari/537.36"
::1 - - [07/Nov/2021:16:47:11 +0000] "GET /js/bundle.js HTTP/1.1" 200 15859473 "https://localhost:8443/pools/11" "Mozilla/5.0 (Windows NT 10.0; Win64; x64) AppleWebKit/537.36 (KHTML, like Gecko) Chrome/95.0.4638.69 Safari/537.36"
::1 - - [07/Nov/2021:16:47:13 +0000] "GET /favicon.ico HTTP/1.1" 200 679 "https://localhost:8443/pools/11" "Mozilla/5.0 (Windows NT 10.0; Win64; x64) AppleWebKit/537.36 (KHTML, like Gecko) Chrome/95.0.4638.69 Safari/537.36"
::1 - - [07/Nov/2021:16:47:17 +0000] "GET /api/117/pools/11/bets HTTP/1.1" 200 63700 "https://localhost:8443/pools/11" "Mozilla/5.0 (Windows NT 10.0; Win64; x64) AppleWebKit/537.36 (KHTML, like Gecko) Chrome/95.0.4638.69 Safari/537.36"
::1 - - [07/Nov/2021:16:47:17 +0000] "GET /api/117/pools/11/participates HTTP/1.1" 200 144880 "https://localhost:8443/pools/11" "Mozilla/5.0 (Windows NT 10.0; Win64; x64) AppleWebKit/537.36 (KHTML, like Gecko) Chrome/95.0.4638.69 Safari/537.36"
::1 - - [07/Nov/2021:16:47:26 +0000] "GET /api/117/pools/11/challenges/243 HTTP/1.1" 200 722 "https://localhost:8443/pools/11" "Mozilla/5.0 (Windows NT 10.0; Win64; x64) AppleWebKit/537.36 (KHTML, like Gecko) Chrome/95.0.4638.69 Safari/537.36"
::1 - - [07/Nov/2021:16:47:56 +0000] "GET /favicon.ico HTTP/1.1" 200 679 "https://localhost:8443/pools/11/participates" "Mozilla/5.0 (Windows NT 10.0; Win64; x64) AppleWebKit/537.36 (KHTML, like Gecko) Chrome/95.0.4638.69 Safari/537.36"
::1 - - [07/Nov/2021:16:48:01 +0000] "GET /pools/11/participates HTTP/1.1" 200 679 "-" "Mozilla/5.0 (Windows NT 10.0; Win64; x64) AppleWebKit/537.36 (KHTML, like Gecko) Chrome/95.0.4638.69 Safari/537.36"
::1 - - [07/Nov/2021:16:48:01 +0000] "GET /js/bundle.js HTTP/1.1" 200 15859473 "https://localhost:8443/pools/11/participates" "Mozilla/5.0 (Windows NT 10.0; Win64; x64) AppleWebKit/537.36 (KHTML, like Gecko) Chrome/95.0.4638.69 Safari/537.36"
::1 - - [07/Nov/2021:16:48:03 +0000] "GET /favicon.ico HTTP/1.1" 200 679 "https://localhost:8443/pools/11/participates" "Mozilla/5.0 (Windows NT 10.0; Win64; x64) AppleWebKit/537.36 (KHTML, like Gecko) Chrome/95.0.4638.69 Safari/537.36"
::1 - - [07/Nov/2021:16:48:06 +0000] "GET /api/117/pools/11/bets HTTP/1.1" 200 63700 "https://localhost:8443/pools/11/participates" "Mozilla/5.0 (Windows NT 10.0; Win64; x64) AppleWebKit/537.36 (KHTML, like Gecko) Chrome/95.0.4638.69 Safari/537.36"
::1 - - [07/Nov/2021:16:48:06 +0000] "GET /api/117/pools/11/participates HTTP/1.1" 200 144880 "https://localhost:8443/pools/11/participates" "Mozilla/5.0 (Windows NT 10.0; Win64; x64) AppleWebKit/537.36 (KHTML, like Gecko) Chrome/95.0.4638.69 Safari/537.36"
::1 - - [07/Nov/2021:16:48:36 +0000] "GET /favicon.ico HTTP/1.1" 200 679 "https://localhost:8443/pools/11?active=true" "Mozilla/5.0 (Windows NT 10.0; Win64; x64) AppleWebKit/537.36 (KHTML, like Gecko) Chrome/95.0.4638.69 Safari/537.36"
::1 - - [07/Nov/2021:16:49:44 +0000] "GET /pools/11?active=true HTTP/1.1" 200 679 "-" "Mozilla/5.0 (Windows NT 10.0; Win64; x64) AppleWebKit/537.36 (KHTML, like Gecko) Chrome/95.0.4638.69 Safari/537.36"
::1 - - [07/Nov/2021:16:49:44 +0000] "GET /js/bundle.js HTTP/1.1" 200 15859509 "https://localhost:8443/pools/11?active=true" "Mozilla/5.0 (Windows NT 10.0; Win64; x64) AppleWebKit/537.36 (KHTML, like Gecko) Chrome/95.0.4638.69 Safari/537.36"
::1 - - [07/Nov/2021:16:49:46 +0000] "GET /favicon.ico HTTP/1.1" 200 679 "https://localhost:8443/pools/11?active=true" "Mozilla/5.0 (Windows NT 10.0; Win64; x64) AppleWebKit/537.36 (KHTML, like Gecko) Chrome/95.0.4638.69 Safari/537.36"
::1 - - [07/Nov/2021:16:51:04 +0000] "GET /pools/11?active=true HTTP/1.1" 200 679 "-" "Mozilla/5.0 (Windows NT 10.0; Win64; x64) AppleWebKit/537.36 (KHTML, like Gecko) Chrome/95.0.4638.69 Safari/537.36"
::1 - - [07/Nov/2021:16:51:05 +0000] "GET /js/bundle.js HTTP/1.1" 200 15859425 "https://localhost:8443/pools/11?active=true" "Mozilla/5.0 (Windows NT 10.0; Win64; x64) AppleWebKit/537.36 (KHTML, like Gecko) Chrome/95.0.4638.69 Safari/537.36"
::1 - - [07/Nov/2021:16:51:06 +0000] "GET /favicon.ico HTTP/1.1" 200 679 "https://localhost:8443/pools/11?active=true" "Mozilla/5.0 (Windows NT 10.0; Win64; x64) AppleWebKit/537.36 (KHTML, like Gecko) Chrome/95.0.4638.69 Safari/537.36"
::1 - - [07/Nov/2021:16:52:08 +0000] "GET /pools/11?active=true HTTP/1.1" 200 679 "-" "Mozilla/5.0 (Windows NT 10.0; Win64; x64) AppleWebKit/537.36 (KHTML, like Gecko) Chrome/95.0.4638.69 Safari/537.36"
::1 - - [07/Nov/2021:16:52:09 +0000] "GET /js/bundle.js HTTP/1.1" 200 15859579 "https://localhost:8443/pools/11?active=true" "Mozilla/5.0 (Windows NT 10.0; Win64; x64) AppleWebKit/537.36 (KHTML, like Gecko) Chrome/95.0.4638.69 Safari/537.36"
::1 - - [07/Nov/2021:16:52:11 +0000] "GET /favicon.ico HTTP/1.1" 200 679 "https://localhost:8443/pools/11?active=true" "Mozilla/5.0 (Windows NT 10.0; Win64; x64) AppleWebKit/537.36 (KHTML, like Gecko) Chrome/95.0.4638.69 Safari/537.36"
::1 - - [07/Nov/2021:16:52:14 +0000] "GET /api/117/pools/11/bets HTTP/1.1" 200 63700 "https://localhost:8443/pools/11?active=true" "Mozilla/5.0 (Windows NT 10.0; Win64; x64) AppleWebKit/537.36 (KHTML, like Gecko) Chrome/95.0.4638.69 Safari/537.36"
::1 - - [07/Nov/2021:16:52:14 +0000] "GET /api/117/pools/11/participates HTTP/1.1" 200 144880 "https://localhost:8443/pools/11?active=true" "Mozilla/5.0 (Windows NT 10.0; Win64; x64) AppleWebKit/537.36 (KHTML, like Gecko) Chrome/95.0.4638.69 Safari/537.36"
::1 - - [07/Nov/2021:16:52:36 +0000] "POST /api/117/pools/11/challengeS/243 HTTP/1.1" 201 785 "https://localhost:8443/pools/11?active=true" "Mozilla/5.0 (Windows NT 10.0; Win64; x64) AppleWebKit/537.36 (KHTML, like Gecko) Chrome/95.0.4638.69 Safari/537.36"
::1 - - [07/Nov/2021:16:52:41 +0000] "POST /api/117/pools/11/challengeS/243 HTTP/1.1" 201 782 "https://localhost:8443/pools/11?active=true" "Mozilla/5.0 (Windows NT 10.0; Win64; x64) AppleWebKit/537.36 (KHTML, like Gecko) Chrome/95.0.4638.69 Safari/537.36"
::1 - - [07/Nov/2021:16:52:47 +0000] "GET /favicon.ico HTTP/1.1" 200 679 "https://localhost:8443/pools/11/participates" "Mozilla/5.0 (Windows NT 10.0; Win64; x64) AppleWebKit/537.36 (KHTML, like Gecko) Chrome/95.0.4638.69 Safari/537.36"
::1 - - [07/Nov/2021:16:52:59 +0000] "GET /pools/11/participates HTTP/1.1" 200 679 "-" "Mozilla/5.0 (Windows NT 10.0; Win64; x64) AppleWebKit/537.36 (KHTML, like Gecko) Chrome/95.0.4638.69 Safari/537.36"
::1 - - [07/Nov/2021:16:52:59 +0000] "GET /js/bundle.js HTTP/1.1" 200 15859579 "https://localhost:8443/pools/11/participates" "Mozilla/5.0 (Windows NT 10.0; Win64; x64) AppleWebKit/537.36 (KHTML, like Gecko) Chrome/95.0.4638.69 Safari/537.36"
::1 - - [07/Nov/2021:16:53:01 +0000] "GET /favicon.ico HTTP/1.1" 200 679 "https://localhost:8443/pools/11/participates" "Mozilla/5.0 (Windows NT 10.0; Win64; x64) AppleWebKit/537.36 (KHTML, like Gecko) Chrome/95.0.4638.69 Safari/537.36"
::1 - - [07/Nov/2021:16:53:04 +0000] "GET /api/117/pools/11/bets HTTP/1.1" 200 63712 "https://localhost:8443/pools/11/participates" "Mozilla/5.0 (Windows NT 10.0; Win64; x64) AppleWebKit/537.36 (KHTML, like Gecko) Chrome/95.0.4638.69 Safari/537.36"
::1 - - [07/Nov/2021:16:53:04 +0000] "GET /api/117/pools/11/participates HTTP/1.1" 200 144880 "https://localhost:8443/pools/11/participates" "Mozilla/5.0 (Windows NT 10.0; Win64; x64) AppleWebKit/537.36 (KHTML, like Gecko) Chrome/95.0.4638.69 Safari/537.36"
::1 - - [07/Nov/2021:16:53:57 +0000] "GET /pools/11/participates HTTP/1.1" 200 679 "-" "Mozilla/5.0 (Windows NT 10.0; Win64; x64) AppleWebKit/537.36 (KHTML, like Gecko) Chrome/95.0.4638.69 Safari/537.36"
::1 - - [07/Nov/2021:16:53:57 +0000] "GET /js/bundle.js HTTP/1.1" 200 15859579 "https://localhost:8443/pools/11/participates" "Mozilla/5.0 (Windows NT 10.0; Win64; x64) AppleWebKit/537.36 (KHTML, like Gecko) Chrome/95.0.4638.69 Safari/537.36"
::1 - - [07/Nov/2021:16:53:58 +0000] "GET /favicon.ico HTTP/1.1" 200 679 "https://localhost:8443/pools/11/participates" "Mozilla/5.0 (Windows NT 10.0; Win64; x64) AppleWebKit/537.36 (KHTML, like Gecko) Chrome/95.0.4638.69 Safari/537.36"
::1 - - [07/Nov/2021:16:54:02 +0000] "GET /api/117/pools/11/bets HTTP/1.1" 200 63712 "https://localhost:8443/pools/11/participates" "Mozilla/5.0 (Windows NT 10.0; Win64; x64) AppleWebKit/537.36 (KHTML, like Gecko) Chrome/95.0.4638.69 Safari/537.36"
::1 - - [07/Nov/2021:16:57:37 +0000] "GET /pools/11/participates HTTP/1.1" 200 679 "-" "Mozilla/5.0 (Windows NT 10.0; Win64; x64) AppleWebKit/537.36 (KHTML, like Gecko) Chrome/95.0.4638.69 Safari/537.36"
::1 - - [07/Nov/2021:16:57:37 +0000] "GET /js/bundle.js HTTP/1.1" 200 15859579 "https://localhost:8443/pools/11/participates" "Mozilla/5.0 (Windows NT 10.0; Win64; x64) AppleWebKit/537.36 (KHTML, like Gecko) Chrome/95.0.4638.69 Safari/537.36"
::1 - - [07/Nov/2021:16:57:39 +0000] "GET /favicon.ico HTTP/1.1" 200 679 "https://localhost:8443/pools/11/participates" "Mozilla/5.0 (Windows NT 10.0; Win64; x64) AppleWebKit/537.36 (KHTML, like Gecko) Chrome/95.0.4638.69 Safari/537.36"
::1 - - [07/Nov/2021:16:57:52 +0000] "GET /api/117/pools/11/bets HTTP/1.1" 200 63712 "https://localhost:8443/pools/11/participates" "Mozilla/5.0 (Windows NT 10.0; Win64; x64) AppleWebKit/537.36 (KHTML, like Gecko) Chrome/95.0.4638.69 Safari/537.36"
::1 - - [07/Nov/2021:16:58:42 +0000] "GET /api/117/pools/11/participates HTTP/1.1" 200 145131 "https://localhost:8443/pools/11/participates" "Mozilla/5.0 (Windows NT 10.0; Win64; x64) AppleWebKit/537.36 (KHTML, like Gecko) Chrome/95.0.4638.69 Safari/537.36"
::1 - - [07/Nov/2021:17:00:21 +0000] "GET /pools/11/participates HTTP/1.1" 200 679 "-" "Mozilla/5.0 (Windows NT 10.0; Win64; x64) AppleWebKit/537.36 (KHTML, like Gecko) Chrome/95.0.4638.69 Safari/537.36"
::1 - - [07/Nov/2021:17:00:22 +0000] "GET /js/bundle.js HTTP/1.1" 200 15859579 "https://localhost:8443/pools/11/participates" "Mozilla/5.0 (Windows NT 10.0; Win64; x64) AppleWebKit/537.36 (KHTML, like Gecko) Chrome/95.0.4638.69 Safari/537.36"
::1 - - [07/Nov/2021:17:00:23 +0000] "GET /favicon.ico HTTP/1.1" 200 679 "https://localhost:8443/pools/11/participates" "Mozilla/5.0 (Windows NT 10.0; Win64; x64) AppleWebKit/537.36 (KHTML, like Gecko) Chrome/95.0.4638.69 Safari/537.36"
::1 - - [07/Nov/2021:17:00:26 +0000] "GET /api/117/pools/11/bets HTTP/1.1" 200 63712 "https://localhost:8443/pools/11/participates" "Mozilla/5.0 (Windows NT 10.0; Win64; x64) AppleWebKit/537.36 (KHTML, like Gecko) Chrome/95.0.4638.69 Safari/537.36"
::1 - - [07/Nov/2021:17:00:27 +0000] "GET /api/117/pools/11/participates HTTP/1.1" 200 145131 "https://localhost:8443/pools/11/participates" "Mozilla/5.0 (Windows NT 10.0; Win64; x64) AppleWebKit/537.36 (KHTML, like Gecko) Chrome/95.0.4638.69 Safari/537.36"
::1 - - [07/Nov/2021:17:00:46 +0000] "GET /pools/11/participates HTTP/1.1" 200 679 "-" "Mozilla/5.0 (Windows NT 10.0; Win64; x64) AppleWebKit/537.36 (KHTML, like Gecko) Chrome/95.0.4638.69 Safari/537.36"
::1 - - [07/Nov/2021:17:00:46 +0000] "GET /js/bundle.js HTTP/1.1" 200 15859579 "https://localhost:8443/pools/11/participates" "Mozilla/5.0 (Windows NT 10.0; Win64; x64) AppleWebKit/537.36 (KHTML, like Gecko) Chrome/95.0.4638.69 Safari/537.36"
::1 - - [07/Nov/2021:17:00:48 +0000] "GET /favicon.ico HTTP/1.1" 200 679 "https://localhost:8443/pools/11/participates" "Mozilla/5.0 (Windows NT 10.0; Win64; x64) AppleWebKit/537.36 (KHTML, like Gecko) Chrome/95.0.4638.69 Safari/537.36"
::1 - - [07/Nov/2021:17:00:53 +0000] "GET /api/117/pools/11/bets HTTP/1.1" 200 63712 "https://localhost:8443/pools/11/participates" "Mozilla/5.0 (Windows NT 10.0; Win64; x64) AppleWebKit/537.36 (KHTML, like Gecko) Chrome/95.0.4638.69 Safari/537.36"
::1 - - [07/Nov/2021:17:02:40 +0000] "GET /api/117/pools/11/participates HTTP/1.1" 200 145131 "https://localhost:8443/pools/11/participates" "Mozilla/5.0 (Windows NT 10.0; Win64; x64) AppleWebKit/537.36 (KHTML, like Gecko) Chrome/95.0.4638.69 Safari/537.36"
::1 - - [07/Nov/2021:17:02:40 +0000] "GET /pools/11/participates HTTP/1.1" 200 679 "-" "Mozilla/5.0 (Windows NT 10.0; Win64; x64) AppleWebKit/537.36 (KHTML, like Gecko) Chrome/95.0.4638.69 Safari/537.36"
::1 - - [07/Nov/2021:17:02:40 +0000] "GET /js/bundle.js HTTP/1.1" 200 15859579 "https://localhost:8443/pools/11/participates" "Mozilla/5.0 (Windows NT 10.0; Win64; x64) AppleWebKit/537.36 (KHTML, like Gecko) Chrome/95.0.4638.69 Safari/537.36"
::1 - - [07/Nov/2021:17:02:43 +0000] "GET /favicon.ico HTTP/1.1" 200 679 "https://localhost:8443/pools/11/participates" "Mozilla/5.0 (Windows NT 10.0; Win64; x64) AppleWebKit/537.36 (KHTML, like Gecko) Chrome/95.0.4638.69 Safari/537.36"
::1 - - [07/Nov/2021:17:03:29 +0000] "GET /api/117/pools/11/participates HTTP/1.1" - - "https://localhost:8443/pools/11/participates" "Mozilla/5.0 (Windows NT 10.0; Win64; x64) AppleWebKit/537.36 (KHTML, like Gecko) Chrome/95.0.4638.69 Safari/537.36"
::1 - - [07/Nov/2021:17:03:29 +0000] "GET /api/117/pools/11/bets HTTP/1.1" - - "https://localhost:8443/pools/11/participates" "Mozilla/5.0 (Windows NT 10.0; Win64; x64) AppleWebKit/537.36 (KHTML, like Gecko) Chrome/95.0.4638.69 Safari/537.36"
::1 - - [07/Nov/2021:17:06:26 +0000] "GET /pools/11/participates HTTP/1.1" 200 679 "-" "Mozilla/5.0 (Windows NT 10.0; Win64; x64) AppleWebKit/537.36 (KHTML, like Gecko) Chrome/95.0.4638.69 Safari/537.36"
::1 - - [07/Nov/2021:17:06:29 +0000] "GET /js/bundle.js HTTP/1.1" 200 15859579 "https://localhost:8443/pools/11/participates" "Mozilla/5.0 (Windows NT 10.0; Win64; x64) AppleWebKit/537.36 (KHTML, like Gecko) Chrome/95.0.4638.69 Safari/537.36"
::1 - - [07/Nov/2021:17:06:31 +0000] "GET /favicon.ico HTTP/1.1" 200 679 "https://localhost:8443/pools/11/participates" "Mozilla/5.0 (Windows NT 10.0; Win64; x64) AppleWebKit/537.36 (KHTML, like Gecko) Chrome/95.0.4638.69 Safari/537.36"
::1 - - [07/Nov/2021:17:06:43 +0000] "GET /api/117/pools/11/bets HTTP/1.1" 200 63712 "https://localhost:8443/pools/11/participates" "Mozilla/5.0 (Windows NT 10.0; Win64; x64) AppleWebKit/537.36 (KHTML, like Gecko) Chrome/95.0.4638.69 Safari/537.36"
::1 - - [07/Nov/2021:17:08:09 +0000] "GET /pools/11/participates HTTP/1.1" 200 679 "-" "Mozilla/5.0 (Windows NT 10.0; Win64; x64) AppleWebKit/537.36 (KHTML, like Gecko) Chrome/95.0.4638.69 Safari/537.36"
::1 - - [07/Nov/2021:17:08:09 +0000] "GET /js/bundle.js HTTP/1.1" 200 15859579 "https://localhost:8443/pools/11/participates" "Mozilla/5.0 (Windows NT 10.0; Win64; x64) AppleWebKit/537.36 (KHTML, like Gecko) Chrome/95.0.4638.69 Safari/537.36"
::1 - - [07/Nov/2021:17:08:10 +0000] "GET /favicon.ico HTTP/1.1" 200 679 "https://localhost:8443/pools/11/participates" "Mozilla/5.0 (Windows NT 10.0; Win64; x64) AppleWebKit/537.36 (KHTML, like Gecko) Chrome/95.0.4638.69 Safari/537.36"
::1 - - [07/Nov/2021:17:08:14 +0000] "GET /api/117/pools/11/bets HTTP/1.1" 200 63712 "https://localhost:8443/pools/11/participates" "Mozilla/5.0 (Windows NT 10.0; Win64; x64) AppleWebKit/537.36 (KHTML, like Gecko) Chrome/95.0.4638.69 Safari/537.36"
::1 - - [07/Nov/2021:17:08:28 +0000] "GET /api/117/pools/11/participates HTTP/1.1" 200 146171 "https://localhost:8443/pools/11/participates" "Mozilla/5.0 (Windows NT 10.0; Win64; x64) AppleWebKit/537.36 (KHTML, like Gecko) Chrome/95.0.4638.69 Safari/537.36"
::1 - - [07/Nov/2021:17:09:51 +0000] "GET /favicon.ico HTTP/1.1" 200 679 "https://localhost:8443/pools/11?active=true" "Mozilla/5.0 (Windows NT 10.0; Win64; x64) AppleWebKit/537.36 (KHTML, like Gecko) Chrome/95.0.4638.69 Safari/537.36"
::1 - - [07/Nov/2021:17:10:00 +0000] "GET /api/117/pools/11/challenges/244 HTTP/1.1" 200 712 "https://localhost:8443/pools/11?active=true" "Mozilla/5.0 (Windows NT 10.0; Win64; x64) AppleWebKit/537.36 (KHTML, like Gecko) Chrome/95.0.4638.69 Safari/537.36"
::1 - - [13/Nov/2021:14:55:54 +0000] "GET /pools/11 HTTP/1.1" 200 679 "-" "Mozilla/5.0 (Windows NT 10.0; Win64; x64) AppleWebKit/537.36 (KHTML, like Gecko) Chrome/95.0.4638.69 Safari/537.36"
::1 - - [13/Nov/2021:14:55:55 +0000] "GET /js/bundle.js HTTP/1.1" 200 15859579 "https://localhost:8443/pools/11" "Mozilla/5.0 (Windows NT 10.0; Win64; x64) AppleWebKit/537.36 (KHTML, like Gecko) Chrome/95.0.4638.69 Safari/537.36"
::1 - - [13/Nov/2021:14:55:56 +0000] "GET /api/117/pools/11/bets HTTP/1.1" 401 34 "https://localhost:8443/pools/11" "Mozilla/5.0 (Windows NT 10.0; Win64; x64) AppleWebKit/537.36 (KHTML, like Gecko) Chrome/95.0.4638.69 Safari/537.36"
::1 - - [13/Nov/2021:14:55:56 +0000] "GET /api/117/pools/11/participates HTTP/1.1" 401 34 "https://localhost:8443/pools/11" "Mozilla/5.0 (Windows NT 10.0; Win64; x64) AppleWebKit/537.36 (KHTML, like Gecko) Chrome/95.0.4638.69 Safari/537.36"
::1 - - [13/Nov/2021:14:55:56 +0000] "GET /favicon.ico HTTP/1.1" 200 679 "https://localhost:8443/pools/11" "Mozilla/5.0 (Windows NT 10.0; Win64; x64) AppleWebKit/537.36 (KHTML, like Gecko) Chrome/95.0.4638.69 Safari/537.36"
::1 - - [13/Nov/2021:14:55:56 +0000] "GET /favicon.ico HTTP/1.1" 200 679 "https://localhost:8443/" "Mozilla/5.0 (Windows NT 10.0; Win64; x64) AppleWebKit/537.36 (KHTML, like Gecko) Chrome/95.0.4638.69 Safari/537.36"
::1 - - [13/Nov/2021:14:56:53 +0000] "GET / HTTP/1.1" 200 679 "-" "Mozilla/5.0 (Windows NT 10.0; Win64; x64) AppleWebKit/537.36 (KHTML, like Gecko) Chrome/95.0.4638.69 Safari/537.36"
::1 - - [13/Nov/2021:14:56:54 +0000] "GET /js/bundle.js HTTP/1.1" 200 15859579 "https://localhost:8443/" "Mozilla/5.0 (Windows NT 10.0; Win64; x64) AppleWebKit/537.36 (KHTML, like Gecko) Chrome/95.0.4638.69 Safari/537.36"
::1 - - [13/Nov/2021:14:56:55 +0000] "GET /img/sprite.png HTTP/1.1" 200 142622 "https://localhost:8443/" "Mozilla/5.0 (Windows NT 10.0; Win64; x64) AppleWebKit/537.36 (KHTML, like Gecko) Chrome/95.0.4638.69 Safari/537.36"
::1 - - [13/Nov/2021:14:56:55 +0000] "GET /favicon.ico HTTP/1.1" 200 679 "https://localhost:8443/" "Mozilla/5.0 (Windows NT 10.0; Win64; x64) AppleWebKit/537.36 (KHTML, like Gecko) Chrome/95.0.4638.69 Safari/537.36"
::1 - - [13/Nov/2021:14:57:08 +0000] "POST /api/auth/login HTTP/1.1" 200 198 "https://localhost:8443/" "Mozilla/5.0 (Windows NT 10.0; Win64; x64) AppleWebKit/537.36 (KHTML, like Gecko) Chrome/95.0.4638.69 Safari/537.36"
::1 - - [13/Nov/2021:14:57:08 +0000] "GET /favicon.ico HTTP/1.1" 200 679 "https://localhost:8443/pools" "Mozilla/5.0 (Windows NT 10.0; Win64; x64) AppleWebKit/537.36 (KHTML, like Gecko) Chrome/95.0.4638.69 Safari/537.36"
::1 - - [13/Nov/2021:14:57:08 +0000] "POST /api/auth/login HTTP/1.1" 200 198 "https://localhost:8443/" "Mozilla/5.0 (Windows NT 10.0; Win64; x64) AppleWebKit/537.36 (KHTML, like Gecko) Chrome/95.0.4638.69 Safari/537.36"
::1 - - [13/Nov/2021:14:57:09 +0000] "GET /api/117/pools HTTP/1.1" 200 1005 "https://localhost:8443/pools" "Mozilla/5.0 (Windows NT 10.0; Win64; x64) AppleWebKit/537.36 (KHTML, like Gecko) Chrome/95.0.4638.69 Safari/537.36"
::1 - - [13/Nov/2021:14:57:10 +0000] "GET /favicon.ico HTTP/1.1" 200 679 "https://localhost:8443/pools/11?active=true" "Mozilla/5.0 (Windows NT 10.0; Win64; x64) AppleWebKit/537.36 (KHTML, like Gecko) Chrome/95.0.4638.69 Safari/537.36"
::1 - - [13/Nov/2021:14:57:14 +0000] "GET /api/117/pools/11/bets HTTP/1.1" 200 63712 "https://localhost:8443/pools/11?active=true" "Mozilla/5.0 (Windows NT 10.0; Win64; x64) AppleWebKit/537.36 (KHTML, like Gecko) Chrome/95.0.4638.69 Safari/537.36"
::1 - - [13/Nov/2021:14:57:24 +0000] "GET /api/117/pools/11/participates HTTP/1.1" 200 146171 "https://localhost:8443/pools/11?active=true" "Mozilla/5.0 (Windows NT 10.0; Win64; x64) AppleWebKit/537.36 (KHTML, like Gecko) Chrome/95.0.4638.69 Safari/537.36"
::1 - - [13/Nov/2021:14:57:30 +0000] "GET /api/117/pools/11/challenges/243 HTTP/1.1" 200 722 "https://localhost:8443/pools/11?active=true" "Mozilla/5.0 (Windows NT 10.0; Win64; x64) AppleWebKit/537.36 (KHTML, like Gecko) Chrome/95.0.4638.69 Safari/537.36"
::1 - - [13/Nov/2021:15:01:08 +0000] "GET /pools/11?active=true HTTP/1.1" 200 679 "-" "Mozilla/5.0 (Windows NT 10.0; Win64; x64) AppleWebKit/537.36 (KHTML, like Gecko) Chrome/95.0.4638.69 Safari/537.36"
::1 - - [13/Nov/2021:15:01:09 +0000] "GET /js/bundle.js HTTP/1.1" 200 15858817 "https://localhost:8443/pools/11?active=true" "Mozilla/5.0 (Windows NT 10.0; Win64; x64) AppleWebKit/537.36 (KHTML, like Gecko) Chrome/95.0.4638.69 Safari/537.36"
::1 - - [13/Nov/2021:15:01:10 +0000] "GET /favicon.ico HTTP/1.1" 200 679 "https://localhost:8443/pools/11?active=true" "Mozilla/5.0 (Windows NT 10.0; Win64; x64) AppleWebKit/537.36 (KHTML, like Gecko) Chrome/95.0.4638.69 Safari/537.36"
::1 - - [13/Nov/2021:15:01:14 +0000] "GET /api/117/pools/11/participates HTTP/1.1" 200 146171 "https://localhost:8443/pools/11?active=true" "Mozilla/5.0 (Windows NT 10.0; Win64; x64) AppleWebKit/537.36 (KHTML, like Gecko) Chrome/95.0.4638.69 Safari/537.36"
::1 - - [13/Nov/2021:15:01:14 +0000] "GET /api/117/pools/11/bets HTTP/1.1" 200 63712 "https://localhost:8443/pools/11?active=true" "Mozilla/5.0 (Windows NT 10.0; Win64; x64) AppleWebKit/537.36 (KHTML, like Gecko) Chrome/95.0.4638.69 Safari/537.36"
::1 - - [13/Nov/2021:15:02:15 +0000] "GET /api/117/pools/11/challenges/243 HTTP/1.1" 200 722 "https://localhost:8443/pools/11?active=true" "Mozilla/5.0 (Windows NT 10.0; Win64; x64) AppleWebKit/537.36 (KHTML, like Gecko) Chrome/95.0.4638.69 Safari/537.36"
::1 - - [13/Nov/2021:15:23:29 +0000] "GET /api/117/pools/11/challenges/243 HTTP/1.1" 200 722 "https://localhost:8443/pools/11?active=true" "Mozilla/5.0 (Windows NT 10.0; Win64; x64) AppleWebKit/537.36 (KHTML, like Gecko) Chrome/95.0.4638.69 Safari/537.36"
::1 - - [13/Nov/2021:15:29:16 +0000] "GET /api/117/pools/11/challenges/244 HTTP/1.1" 200 712 "https://localhost:8443/pools/11?active=true" "Mozilla/5.0 (Windows NT 10.0; Win64; x64) AppleWebKit/537.36 (KHTML, like Gecko) Chrome/95.0.4638.69 Safari/537.36"
::1 - - [13/Nov/2021:15:29:35 +0000] "GET /pools/11?active=true HTTP/1.1" 200 679 "-" "Mozilla/5.0 (Windows NT 10.0; Win64; x64) AppleWebKit/537.36 (KHTML, like Gecko) Chrome/95.0.4638.69 Safari/537.36"
::1 - - [13/Nov/2021:15:29:36 +0000] "GET /js/bundle.js HTTP/1.1" 200 15858817 "https://localhost:8443/pools/11?active=true" "Mozilla/5.0 (Windows NT 10.0; Win64; x64) AppleWebKit/537.36 (KHTML, like Gecko) Chrome/95.0.4638.69 Safari/537.36"
::1 - - [13/Nov/2021:15:29:37 +0000] "GET /favicon.ico HTTP/1.1" 200 679 "https://localhost:8443/pools/11?active=true" "Mozilla/5.0 (Windows NT 10.0; Win64; x64) AppleWebKit/537.36 (KHTML, like Gecko) Chrome/95.0.4638.69 Safari/537.36"
